MIN HEAP
rootlist: 12 NULL 8 0*
debug:
{{12,8,0}}
{{9,10}}{{1,2,4}}
{{11}}{{3}}{{5,6}}
{{7}}
min should be 0
min was 0
min now is 1
rootlist: NULL NULL 8 1*
debug:
{{8,1}}
{{9,10}}{{12,2,4}}
{{11}}{{3}}{{5,6}}
{{7}}
min should be 1
min is 1
min was 1
min now is 2
rootlist: 12 2* NULL 4
debug:
{{12,2,4}}
{{3}}{{5,6,8}}
{{7}}{{9,10}}
{{11}}
min should be 2
min was 2
size: 10
